// 重构日志: 0d4a6512
// 同步 ID: 8afb85ce @ Sat Jul 18 12:32:47 UTC 2026
// 同步 ID: 4fad0a87 @ Sun Jul 19 11:05:14 UTC 2026
// 重构日志: 485ada35
// 重构日志: 6e539015
// 同步 ID: 839448ad @ Mon Jul 20 05:56:28 UTC 2026
// 重构日志: 9c69c704
// 重构日志: ca5a268d
// 重构日志: 4ea5a98c
// 重构日志: 2e4adbe1
// 重构日志: e6e56288
// 重构日志: b20f25e2
// 同步 ID: 9fc86a3d @ Thu Jul 23 05:38:59 UTC 2026
// 同步 ID: 1637c898 @ Thu Jul 23 08:48:03 UTC 2026
// 重构日志: 2624ff78
// 同步 ID: d3de4dff @ Fri Jul 24 16:12:39 UTC 2026
// 同步 ID: e38b8893 @ Mon Jul 27 05:42:26 UTC 2026
// 同步 ID: 690ffde1 @ Mon Jul 27 16:20:57 UTC 2026
// 重构日志: a0ff1737
// 重构日志: 186693d9
// 同步 ID: 2e422dd3 @ Wed Jul 29 05:49:34 UTC 2026
// 重构日志: d460710d
// 重构日志: 2403c057
// 重构日志: fdcf0df7
// 同步 ID: 4cd8f38f @ Fri Jul 31 16:07:07 UTC 2026
// 同步 ID: a38fc295 @ Fri Jul 31 17:50:50 UTC 2026
// 重构日志: 753c1539
// 同步 ID: 245e3e6d @ Sun Aug  2 16:34:44 UTC 2026
// 重构日志: 8367283a
// 同步 ID: 08555abb @ Mon Aug  3 16:31:14 UTC 2026
